2026-10-03T19:07:49Z === driver start (--loop slug=vocabulary-learn dry=0) ===
2026-10-03T19:07:49Z VERIFY sf-1 (attempt 1)
2026-10-03T19:11:31Z VERIFY sf-1 → NOT-DONE: VERDICT: NOT-DONE — sf-1 chưa có commit code nào trên integration (chỉ 2 commits docs); cả 5 tasks t-1.1→t-1.5 đều chưa làm.
node:fs:1569
  const result = binding.readdir(
                         ^

Error: ENOENT: no such file or directory, scandir 'docs/superpowers/navigator/driver'
    at Object.readdirSync (node:fs:1569:26)
    at [eval]:5:19
    at runScriptInThisContext (node:internal/vm:219:10)
    at node:internal/process/execution:451:12
    at [eval]-wrapper:6:24
    at runScriptInContext (node:internal/process/execution:449:60)
    at evalFunction (node:internal/process/execution:283:30)
    at evalTypeScript (node:internal/process/execution:295:3)
    at node:internal/main/eval_string:71:3 {
  errno: -2,
  code: 'ENOENT',
  syscall: 'scandir',
  path: 'docs/superpowers/navigator/driver'
}

Node.js v24.10.0
2026-10-03T19:11:31Z === driver done ===
2026-10-03T19:20:17Z === driver start (--loop slug=vocabulary-learn dry=0) ===
2026-10-03T19:20:17Z WORKER sf-1 (trong worktree, commit tren branch story)
2026-10-03T19:30:15Z === driver start (--dry slug=vocabulary-learn dry=1) ===
2026-10-03T19:30:15Z DRY: states: sf-1 pending 
2026-10-03T19:30:15Z DRY: nhánh sẽ chọn — LAUNCH sf-1 qua story-launch thật (scope v1)
2026-10-03T19:30:15Z === driver done ===
2026-10-03T19:30:44Z === driver start (--loop slug=vocabulary-learn dry=0) ===
2026-10-03T19:30:44Z WORKER sf-1 (trong worktree, commit tren branch story)
2026-10-03T19:31:05Z WORKER sf-1: prompt đã gửi vào pane story-worker-vocabulary-learn (term_be57cb08-9361-4ce5-b10e-f0d72f6fa520) — async, pass kế kiểm tra git + verify
2026-10-03T19:31:05Z WORKER sf-1 → NO-VERDICT - pass ke verify lai
node:fs:1569
  const result = binding.readdir(
                         ^

Error: ENOENT: no such file or directory, scandir 'docs/superpowers/navigator/driver'
    at Object.readdirSync (node:fs:1569:26)
    at [eval]:5:19
    at runScriptInThisContext (node:internal/vm:219:10)
    at node:internal/process/execution:451:12
    at [eval]-wrapper:6:24
    at runScriptInContext (node:internal/process/execution:449:60)
    at evalFunction (node:internal/process/execution:283:30)
    at evalTypeScript (node:internal/process/execution:295:3)
    at node:internal/main/eval_string:71:3 {
  errno: -2,
  code: 'ENOENT',
  syscall: 'scandir',
  path: 'docs/superpowers/navigator/driver'
}

Node.js v24.10.0
2026-10-03T19:31:05Z === driver done ===
2026-10-03T22:31:05Z === driver start (--loop slug=vocabulary-learn dry=0) ===
2026-10-03T22:31:05Z WORKER sf-1 (trong worktree, commit tren branch story)
2026-10-03T22:31:25Z WORKER sf-1: prompt đã gửi vào pane story-worker-vocabulary-learn (term_a65bc22c-1563-4451-a1e9-ff898d32706a) — async, pass kế kiểm tra git + verify
2026-10-03T22:31:26Z WORKER sf-1 → NO-VERDICT - pass ke verify lai
node:fs:1569
  const result = binding.readdir(
                         ^

Error: ENOENT: no such file or directory, scandir 'docs/superpowers/navigator/driver'
    at Object.readdirSync (node:fs:1569:26)
    at [eval]:5:19
    at runScriptInThisContext (node:internal/vm:219:10)
    at node:internal/process/execution:451:12
    at [eval]-wrapper:6:24
    at runScriptInContext (node:internal/process/execution:449:60)
    at evalFunction (node:internal/process/execution:283:30)
    at evalTypeScript (node:internal/process/execution:295:3)
    at node:internal/main/eval_string:71:3 {
  errno: -2,
  code: 'ENOENT',
  syscall: 'scandir',
  path: 'docs/superpowers/navigator/driver'
}

Node.js v24.10.0
2026-10-03T22:31:26Z === driver done ===
2026-10-04T01:31:26Z === driver start (--loop slug=vocabulary-learn dry=0) ===
2026-10-04T01:31:26Z WORKER sf-1 (trong worktree, commit tren branch story)
2026-10-04T01:31:46Z WORKER sf-1: prompt đã gửi vào pane story-worker-vocabulary-learn (term_74a936f1-4520-404a-a1f6-8ba724b7b315) — async, pass kế kiểm tra git + verify
2026-10-04T01:31:46Z WORKER sf-1 → NO-VERDICT - pass ke verify lai
node:fs:1569
  const result = binding.readdir(
                         ^

Error: ENOENT: no such file or directory, scandir 'docs/superpowers/navigator/driver'
    at Object.readdirSync (node:fs:1569:26)
    at [eval]:5:19
    at runScriptInThisContext (node:internal/vm:219:10)
    at node:internal/process/execution:451:12
    at [eval]-wrapper:6:24
    at runScriptInContext (node:internal/process/execution:449:60)
    at evalFunction (node:internal/process/execution:283:30)
    at evalTypeScript (node:internal/process/execution:295:3)
    at node:internal/main/eval_string:71:3 {
  errno: -2,
  code: 'ENOENT',
  syscall: 'scandir',
  path: 'docs/superpowers/navigator/driver'
}

Node.js v24.10.0
2026-10-04T01:31:46Z === driver done ===
2026-10-04T04:09:02Z === driver start (--loop slug=vocabulary-learn dry=0) ===
2026-10-04T04:09:02Z WORKER sf-1 (trong worktree, commit tren branch story)
2026-10-04T04:09:23Z WORKER sf-1: prompt đã gửi vào pane story-worker-vocabulary-learn (term_83fb4315-c473-4c2c-9d01-3be24327836c) — async, pass kế kiểm tra git + verify
2026-10-04T04:09:23Z WORKER sf-1 → NO-VERDICT - pass ke verify lai
node:fs:1569
  const result = binding.readdir(
                         ^

Error: ENOENT: no such file or directory, scandir 'docs/superpowers/navigator/driver'
    at Object.readdirSync (node:fs:1569:26)
    at [eval]:5:19
    at runScriptInThisContext (node:internal/vm:219:10)
    at node:internal/process/execution:451:12
    at [eval]-wrapper:6:24
    at runScriptInContext (node:internal/process/execution:449:60)
    at evalFunction (node:internal/process/execution:283:30)
    at evalTypeScript (node:internal/process/execution:295:3)
    at node:internal/main/eval_string:71:3 {
  errno: -2,
  code: 'ENOENT',
  syscall: 'scandir',
  path: 'docs/superpowers/navigator/driver'
}

Node.js v24.10.0
2026-10-04T04:09:23Z === driver done ===
trust: injected cho /Users/hoivu/orca/projects/iloveenglishclup/../iloveenglishclup-vocabulary-learn
trust: đã có
2026-10-04T04:16:50Z === driver start (--loop slug=vocabulary-learn dry=0) ===
2026-10-04T04:17:11Z WORKER sf-1: prompt ĐÃ GỬI (confirmed) vào pane story-worker-vocabulary-learn (term_c5febb92-f8f1-4eed-89fc-0d4c1166829b) — pass kế kiểm tra git + verify
2026-10-04T04:17:11Z WORKER sf-1 dispatched — attempts=2 — pass kế verify lại
node:fs:1569
  const result = binding.readdir(
                         ^

Error: ENOENT: no such file or directory, scandir 'docs/superpowers/navigator/driver'
    at Object.readdirSync (node:fs:1569:26)
    at [eval]:5:19
    at runScriptInThisContext (node:internal/vm:219:10)
    at node:internal/process/execution:451:12
    at [eval]-wrapper:6:24
    at runScriptInContext (node:internal/process/execution:449:60)
    at evalFunction (node:internal/process/execution:283:30)
    at evalTypeScript (node:internal/process/execution:295:3)
    at node:internal/main/eval_string:71:3 {
  errno: -2,
  code: 'ENOENT',
  syscall: 'scandir',
  path: 'docs/superpowers/navigator/driver'
}

Node.js v24.10.0
2026-10-04T04:17:11Z === driver done ===
trust: đã có
trust: đã có
2026-10-04T04:35:59Z === driver start (--loop slug=vocabulary-learn dry=0) ===
2026-10-04T04:36:19Z WORKER sf-1: prompt ĐÃ GỬI (confirmed) vào pane story-worker-vocabulary-learn (term_49af4e35-93c4-4602-b1a4-fd6de043fb0a) — pass kế kiểm tra git + verify
2026-10-04T04:36:19Z WORKER sf-1 dispatched — attempts=3 — pass kế verify lại
node:fs:1569
  const result = binding.readdir(
                         ^

Error: ENOENT: no such file or directory, scandir 'docs/superpowers/navigator/driver'
    at Object.readdirSync (node:fs:1569:26)
    at [eval]:5:19
    at runScriptInThisContext (node:internal/vm:219:10)
    at node:internal/process/execution:451:12
    at [eval]-wrapper:6:24
    at runScriptInContext (node:internal/process/execution:449:60)
    at evalFunction (node:internal/process/execution:283:30)
    at evalTypeScript (node:internal/process/execution:295:3)
    at node:internal/main/eval_string:71:3 {
  errno: -2,
  code: 'ENOENT',
  syscall: 'scandir',
  path: 'docs/superpowers/navigator/driver'
}

Node.js v24.10.0
2026-10-04T04:36:20Z === driver done ===
trust: đã có
trust: đã có
2026-10-04T04:41:59Z === driver start (--loop slug=vocabulary-learn dry=0) ===
2026-10-04T04:41:59Z BLOCKED: sf-1 attempts=3 ≥3 — leo user
node:fs:1569
  const result = binding.readdir(
                         ^

Error: ENOENT: no such file or directory, scandir 'docs/superpowers/navigator/driver'
    at Object.readdirSync (node:fs:1569:26)
    at [eval]:5:19
    at runScriptInThisContext (node:internal/vm:219:10)
    at node:internal/process/execution:451:12
    at [eval]-wrapper:6:24
    at runScriptInContext (node:internal/process/execution:449:60)
    at evalFunction (node:internal/process/execution:283:30)
    at evalTypeScript (node:internal/process/execution:295:3)
    at node:internal/main/eval_string:71:3 {
  errno: -2,
  code: 'ENOENT',
  syscall: 'scandir',
  path: 'docs/superpowers/navigator/driver'
}

Node.js v24.10.0
2026-10-04T04:41:59Z === driver done ===
trust: đã có
trust: đã có
2026-10-04T04:44:52Z === driver start (--loop slug=vocabulary-learn dry=0) ===
2026-10-04T04:44:52Z BLOCKED: sf-1 attempts=3 ≥3 — leo user
node:fs:1569
  const result = binding.readdir(
                         ^

Error: ENOENT: no such file or directory, scandir 'docs/superpowers/navigator/driver'
    at Object.readdirSync (node:fs:1569:26)
    at [eval]:5:19
    at runScriptInThisContext (node:internal/vm:219:10)
    at node:internal/process/execution:451:12
    at [eval]-wrapper:6:24
    at runScriptInContext (node:internal/process/execution:449:60)
    at evalFunction (node:internal/process/execution:283:30)
    at evalTypeScript (node:internal/process/execution:295:3)
    at node:internal/main/eval_string:71:3 {
  errno: -2,
  code: 'ENOENT',
  syscall: 'scandir',
  path: 'docs/superpowers/navigator/driver'
}

Node.js v24.10.0
2026-10-04T04:44:52Z === driver done ===
trust: đã có
trust: đã có
2026-10-04T04:45:32Z === driver start (--loop slug=vocabulary-learn dry=0) ===
2026-10-04T04:45:53Z WORKER sf-1: prompt ĐÃ GỬI (confirmed) vào pane story-worker-vocabulary-learn (term_60abca96-787e-467b-af07-3681a6d5d073) — pass kế kiểm tra git + verify
2026-10-04T04:45:53Z WORKER sf-1 dispatched (confirmed) — pass kế verify lại
node:fs:1569
  const result = binding.readdir(
                         ^

Error: ENOENT: no such file or directory, scandir 'docs/superpowers/navigator/driver'
    at Object.readdirSync (node:fs:1569:26)
    at [eval]:5:19
    at runScriptInThisContext (node:internal/vm:219:10)
    at node:internal/process/execution:451:12
    at [eval]-wrapper:6:24
    at runScriptInContext (node:internal/process/execution:449:60)
    at evalFunction (node:internal/process/execution:283:30)
    at evalTypeScript (node:internal/process/execution:295:3)
    at node:internal/main/eval_string:71:3 {
  errno: -2,
  code: 'ENOENT',
  syscall: 'scandir',
  path: 'docs/superpowers/navigator/driver'
}

Node.js v24.10.0
2026-10-04T04:45:53Z === driver done ===
trust: đã có
trust: đã có
2026-10-04T04:48:42Z === driver start (--once slug=vocabulary-learn dry=0) ===
2026-10-04T04:48:43Z VERIFY sf-1 (attempt 1)
2026-10-04T04:52:37Z VERIFY sf-1 → NOT-DONE: VERDICT: NOT-DONE — master không có code SF-1 nào; nhánh worktree chỉ WIP partial (t-1.1 xong, t-1.2 thiếu mount UI, t-1.3/t-1.5 chưa làm) nhưng unit tests nơi có code 25/25 PASS.
node:fs:1569
  const result = binding.readdir(
                         ^

Error: ENOENT: no such file or directory, scandir 'docs/superpowers/navigator/driver'
    at Object.readdirSync (node:fs:1569:26)
    at [eval]:5:19
    at runScriptInThisContext (node:internal/vm:219:10)
    at node:internal/process/execution:451:12
    at [eval]-wrapper:6:24
    at runScriptInContext (node:internal/process/execution:449:60)
    at evalFunction (node:internal/process/execution:283:30)
    at evalTypeScript (node:internal/process/execution:295:3)
    at node:internal/main/eval_string:71:3 {
  errno: -2,
  code: 'ENOENT',
  syscall: 'scandir',
  path: 'docs/superpowers/navigator/driver'
}

Node.js v24.10.0
2026-10-04T04:52:37Z === driver done ===
trust: đã có
2026-10-04T04:53:03Z === driver start (--once slug=vocabulary-learn dry=0) ===
2026-10-04T04:53:23Z WORKER sf-1: prompt ĐÃ GỬI (confirmed) vào pane story-worker-vocabulary-learn (term_b76cf56e-9993-409d-810e-e82a6a93601a) — pass kế kiểm tra git + verify
2026-10-04T04:53:23Z WORKER sf-1 dispatched (confirmed) — pass kế verify lại
node:fs:1569
  const result = binding.readdir(
                         ^

Error: ENOENT: no such file or directory, scandir 'docs/superpowers/navigator/driver'
    at Object.readdirSync (node:fs:1569:26)
    at [eval]:5:19
    at runScriptInThisContext (node:internal/vm:219:10)
    at node:internal/process/execution:451:12
    at [eval]-wrapper:6:24
    at runScriptInContext (node:internal/process/execution:449:60)
    at evalFunction (node:internal/process/execution:283:30)
    at evalTypeScript (node:internal/process/execution:295:3)
    at node:internal/main/eval_string:71:3 {
  errno: -2,
  code: 'ENOENT',
  syscall: 'scandir',
  path: 'docs/superpowers/navigator/driver'
}

Node.js v24.10.0
2026-10-04T04:53:24Z === driver done ===
trust: đã có
trust: đã có
2026-10-04T04:58:16Z === driver start (--loop slug=vocabulary-learn dry=0) ===
2026-10-04T04:58:16Z VERIFY sf-1 (attempt 1)
2026-10-04T05:02:12Z VERIFY sf-1 → NOT-DONE: VERDICT: NOT-DONE — sf-1 chưa có gì trên master (18 files chỉ ở nhánh wip worker-dead), nhánh wip cũng partial: t-1.3 + t-1.5 chưa code, BookStudyButton chưa mount + vi thiếu bookStudy, dù 25/25 unit tests PASS.
node:fs:1569
  const result = binding.readdir(
                         ^

Error: ENOENT: no such file or directory, scandir 'docs/superpowers/navigator/driver'
    at Object.readdirSync (node:fs:1569:26)
    at [eval]:5:19
    at runScriptInThisContext (node:internal/vm:219:10)
    at node:internal/process/execution:451:12
    at [eval]-wrapper:6:24
    at runScriptInContext (node:internal/process/execution:449:60)
    at evalFunction (node:internal/process/execution:283:30)
    at evalTypeScript (node:internal/process/execution:295:3)
    at node:internal/main/eval_string:71:3 {
  errno: -2,
  code: 'ENOENT',
  syscall: 'scandir',
  path: 'docs/superpowers/navigator/driver'
}

Node.js v24.10.0
2026-10-04T05:02:12Z === driver done ===
trust: đã có
2026-10-04T05:56:39Z === driver start (--once slug=vocabulary-learn dry=0) ===
2026-10-04T06:03:01Z WORKER sf-1 dispatched (confirmed) — pass kế verify lại
node:fs:1569
  const result = binding.readdir(
                         ^

Error: ENOENT: no such file or directory, scandir 'docs/superpowers/navigator/driver'
    at Object.readdirSync (node:fs:1569:26)
    at [eval]:5:19
    at runScriptInThisContext (node:internal/vm:219:10)
    at node:internal/process/execution:451:12
    at [eval]-wrapper:6:24
    at runScriptInContext (node:internal/process/execution:449:60)
    at evalFunction (node:internal/process/execution:283:30)
    at evalTypeScript (node:internal/process/execution:295:3)
    at node:internal/main/eval_string:71:3 {
  errno: -2,
  code: 'ENOENT',
  syscall: 'scandir',
  path: 'docs/superpowers/navigator/driver'
}

Node.js v24.10.0
2026-10-04T06:03:01Z === driver done ===
trust: đã có
2026-10-04T06:04:36Z === driver start (--once slug=vocabulary-learn dry=0) ===
2026-10-04T06:04:36Z DONE GATE: pack tại docs/superpowers/evidence/vocabulary-learn/convergence — HOÀN THÀNH: push vocabulary-learn + gh pr create --base master --head vocabulary-learn (user review + merge = deploy)
node:fs:1569
  const result = binding.readdir(
                         ^

Error: ENOENT: no such file or directory, scandir 'docs/superpowers/navigator/driver'
    at Object.readdirSync (node:fs:1569:26)
    at [eval]:5:19
    at runScriptInThisContext (node:internal/vm:219:10)
    at node:internal/process/execution:451:12
    at [eval]-wrapper:6:24
    at runScriptInContext (node:internal/process/execution:449:60)
    at evalFunction (node:internal/process/execution:283:30)
    at evalTypeScript (node:internal/process/execution:295:3)
    at node:internal/main/eval_string:71:3 {
  errno: -2,
  code: 'ENOENT',
  syscall: 'scandir',
  path: 'docs/superpowers/navigator/driver'
}

Node.js v24.10.0
2026-10-04T06:04:36Z === driver done ===
