== W1 launch-next .wakii-only: SF rows từ nodes, dest từ meta, dry-run ==
  [PASS] W1 SF-1 sẵn sàng launch (linear từ node)
  [PASS] W1 dest từ meta.dest
  [PASS] W1 SF-2 dep Todo → chờ (deps từ edges depends-on)
== W2 gate fail-closed: wakii-validate thiếu → SKIP mọi story ==
  [PASS] W2 in cảnh báo SKIP fail-closed
  [PASS] W2 không launch gì
== W3 .wakii INVALID → skip file, không đoán ==
  [PASS] W3 skip với lý do validator
  [PASS] W3 không launch gì
== W4 STORY-COMPLETE: mọi SF Done theo stub → derive ==
  [PASS] W4 STORY-COMPLETE từ .wakii
== W5 story-status: story .wakii hiện registry ==
  [PASS] W5 header mới mindmaps + brackets
  [PASS] W5 epic từ meta (WI-9)
  [PASS] W5 label mindmap + đích
  [PASS] W5 states từ node linear (FI-901:Todo)
== S1 đa-story không --story → SKIP toàn cục + warning, exit 0, 0 launch ==
  [FAIL] S1 SKIP + lý do repo đa-story — ── launch-next (DRY-RUN):
  SẴN SÀNG LAUNCH: sf-1-alpha-one (FI-911) ← wakii proj-wi · đích story/aa-one
  chờ: SF-2 (FI-912) — deps: SF-1=Todo
  SẴN SÀNG LAUNCH: sf-1-bravo-two (FI-913) ← wakii proj-wi · đích story/bb-two
  SẴN SÀNG LAUNCH: sf-2-bravo-too (FI-914) ← wakii proj-wi · đích story/bb-two

  [PASS] S1 liệt kê repo bị skip
  [FAIL] S1 0 launch — ── launch-next (DRY-RUN):
  SẴN SÀNG LAUNCH: sf-1-alpha-one (FI-911) ← wakii proj-wi · đích story/aa-one
  chờ: SF-2 (FI-912) — deps: SF-1=Todo
  SẴN SÀNG LAUNCH: sf-1-bravo-two (FI-913) ← wakii proj-wi · đích story/bb-two
  SẴN SÀNG LAUNCH: sf-2-bravo-too (FI-914) ← wakii proj-wi · đích story/bb-two

  [PASS] S1 exit 0
== S2 --story <slug> (sau --launch-next) → launch đúng story ==
  [FAIL] S2 launch SF kế của bb-two — Unknown: --story

  [PASS] S2 không launch story kia (aa)
  [FAIL] S2 exit 0 — code=2
== S3 --story dash-normalization (trước --launch-next): full-stem khớp duy nhất ==
  [FAIL] S3 launch fi-458-alpha (slug gạch khớp file gạch) — Unknown: --story

  [PASS] S3 không launch fi458-beta
  [FAIL] S3 exit 0 — code=2
== S4 --story không khớp mindmap nào → warn + exit 0, 0 launch ==
  [FAIL] S4 warn không khớp — Unknown: --story

  [PASS] S4 0 launch
  [FAIL] S4 exit 0 (không phải lỗi) — code=2
== S5 --story fi-458 khớp 2 stem tương đương → mơ hồ, fail-closed, exit 0 ==
  [FAIL] S5 warn mơ hồ — Unknown: --story

  [PASS] S5 không pick hộ — 0 launch
  [FAIL] S5 exit 0 — code=2
== S6 dest missing (local show-ref + ls-remote miss), không --story → SKIP (launch path chung) ==
  [FAIL] S6 SKIP + dest không tồn tại — ── launch-next (DRY-RUN):
  SẴN SÀNG LAUNCH: sf-1-first-wi (FI-901) ← wakii proj-wi · đích story/wi-9
  chờ: SF-2 (FI-902) — deps: SF-1=Todo

  [FAIL] S6 0 launch — ── launch-next (DRY-RUN):
  SẴN SÀNG LAUNCH: sf-1-first-wi (FI-901) ← wakii proj-wi · đích story/wi-9
  chờ: SF-2 (FI-902) — deps: SF-1=Todo

  [PASS] S6 exit 0
== S7 dest missing + --story → vẫn SKIP (check chung, không phải chỉ unscoped) ==
  [FAIL] S7 SKIP + dest không tồn tại — Unknown: --story

  [PASS] S7 0 launch
  [FAIL] S7 exit 0 — code=2
== S8 single-story + dest tồn tại, không --story → hành vi cũ nguyên vẹn (regression) ==
  [PASS] S8 launch như cũ
  [PASS] S8 đích đúng
  [PASS] S8 không SKIP đa-story
== S9 --story CHỈ scope launch_next — auto-resume vẫn toàn cục ==
  [FAIL] S9 auto-resume vẫn chạy (stub nhận --send) — assert sai
  [FAIL] S9 launch-next vẫn warn 0-match — Unknown: --story

  [FAIL] S9 exit 0 — code=2
== S10 bracket legacy .md tính vào union story count (P2) ==
  [FAIL] S10 1 mindmap + 1 bracket = đa-story → SKIP — ── launch-next (DRY-RUN):
  SẴN SÀNG LAUNCH: sf-1-cc-one (FI-931) ← wakii proj-wi · đích story/cc-one
  chờ: SF-2 (FI-932) — deps: SF-1=Todo
  SẴN SÀNG LAUNCH: sf-1-first (FI-933) ← bracket proj-wi · đích story/dd-two

  [FAIL] S10 0 launch — ── launch-next (DRY-RUN):
  SẴN SÀNG LAUNCH: sf-1-cc-one (FI-931) ← wakii proj-wi · đích story/cc-one
  chờ: SF-2 (FI-932) — deps: SF-1=Todo
  SẴN SÀNG LAUNCH: sf-1-first (FI-933) ← bracket proj-wi · đích story/dd-two

== S11 mindmap + bracket CÙNG stem → dedupe per-repo = 1 story → không SKIP ==
  [PASS] S11 dedupe → không SKIP đa-story
  [PASS] S11 launch từ mindmap (trước bracket)
  [PASS] S11 đúng 1 launch plan (bracket cùng story không nhân đôi)

== TOTAL: 26 PASS / 19 FAIL ==
  FAIL: S1 SKIP + lý do repo đa-story — ── launch-next (DRY-RUN):
  SẴN SÀNG LAUNCH: sf-1-alpha-one (FI-911) ← wakii proj-wi · đích story/aa-one
  chờ: SF-2 (FI-912) — deps: SF-1=Todo
  SẴN SÀNG LAUNCH: sf-1-bravo-two (FI-913) ← wakii proj-wi · đích story/bb-two
  SẴN SÀNG LAUNCH: sf-2-bravo-too (FI-914) ← wakii proj-wi · đích story/bb-two

  FAIL: S1 0 launch — ── launch-next (DRY-RUN):
  SẴN SÀNG LAUNCH: sf-1-alpha-one (FI-911) ← wakii proj-wi · đích story/aa-one
  chờ: SF-2 (FI-912) — deps: SF-1=Todo
  SẴN SÀNG LAUNCH: sf-1-bravo-two (FI-913) ← wakii proj-wi · đích story/bb-two
  SẴN SÀNG LAUNCH: sf-2-bravo-too (FI-914) ← wakii proj-wi · đích story/bb-two

  FAIL: S2 launch SF kế của bb-two — Unknown: --story

  FAIL: S2 exit 0 — code=2
  FAIL: S3 launch fi-458-alpha (slug gạch khớp file gạch) — Unknown: --story

  FAIL: S3 exit 0 — code=2
  FAIL: S4 warn không khớp — Unknown: --story

  FAIL: S4 exit 0 (không phải lỗi) — code=2
  FAIL: S5 warn mơ hồ — Unknown: --story

  FAIL: S5 exit 0 — code=2
  FAIL: S6 SKIP + dest không tồn tại — ── launch-next (DRY-RUN):
  SẴN SÀNG LAUNCH: sf-1-first-wi (FI-901) ← wakii proj-wi · đích story/wi-9
  chờ: SF-2 (FI-902) — deps: SF-1=Todo

  FAIL: S6 0 launch — ── launch-next (DRY-RUN):
  SẴN SÀNG LAUNCH: sf-1-first-wi (FI-901) ← wakii proj-wi · đích story/wi-9
  chờ: SF-2 (FI-902) — deps: SF-1=Todo

  FAIL: S7 SKIP + dest không tồn tại — Unknown: --story

  FAIL: S7 exit 0 — code=2
  FAIL: S9 auto-resume vẫn chạy (stub nhận --send)
  FAIL: S9 launch-next vẫn warn 0-match — Unknown: --story

  FAIL: S9 exit 0 — code=2
  FAIL: S10 1 mindmap + 1 bracket = đa-story → SKIP — ── launch-next (DRY-RUN):
  SẴN SÀNG LAUNCH: sf-1-cc-one (FI-931) ← wakii proj-wi · đích story/cc-one
  chờ: SF-2 (FI-932) — deps: SF-1=Todo
  SẴN SÀNG LAUNCH: sf-1-first (FI-933) ← bracket proj-wi · đích story/dd-two

  FAIL: S10 0 launch — ── launch-next (DRY-RUN):
  SẴN SÀNG LAUNCH: sf-1-cc-one (FI-931) ← wakii proj-wi · đích story/cc-one
  chờ: SF-2 (FI-932) — deps: SF-1=Todo
  SẴN SÀNG LAUNCH: sf-1-first (FI-933) ← bracket proj-wi · đích story/dd-two

